/Users/gokceakar/Desktop/gokceblink3/Core/Src/main.c:35:6:Flash_Write	48	static
/Users/gokceakar/Desktop/gokceblink3/Core/Src/main.c:47:10:Flash_Read	4	static
/Users/gokceakar/Desktop/gokceblink3/Core/Src/main.c:52:5:main	8	static
/Users/gokceakar/Desktop/gokceblink3/Core/Src/main.c:123:6:HAL_TIM_PeriodElapsedCallback	16	static
/Users/gokceakar/Desktop/gokceblink3/Core/Src/main.c:187:13:MX_TIM2_Init	8	static
/Users/gokceakar/Desktop/gokceblink3/Core/Src/main.c:201:13:MX_GPIO_Init	32	static
/Users/gokceakar/Desktop/gokceblink3/Core/Src/main.c:231:6:SystemClock_Config	72	static
/Users/gokceakar/Desktop/gokceblink3/Core/Src/main.c:251:6:Error_Handler	4	static,ignoring_inline_asm
